fr.dila.reponses.webtest.tests.webdriver10.Test01LoginPage 01_test_admin_login
fr.dila.reponses.webtest.tests.webdriver10.Test02GestionOrga 02_test_admin_gestion_orga
fr.dila.reponses.webtest.tests.webdriver10.Test03ModeleFdr 03_test_admin_modele_fdr
fr.dila.reponses.webtest.tests.webdriver10.Test04Question 04_test_question_injection
fr.dila.reponses.webtest.tests.webdriver10.Test05PlanClassement 05_test_question_plan_classement
fr.dila.reponses.webtest.tests.webdriver10.Test06RechercheQuestion 06_test_recherche_question
fr.dila.reponses.webtest.tests.webdriver10.Test07TraitementQuestions 07_test_traitement_question
fr.dila.reponses.webtest.tests.webdriver10.Test08ErratumQuestion 08_test_erratum_question
fr.dila.reponses.webtest.tests.webdriver10.Test09ErratumReponse 09_test_erratum_reponse
fr.dila.reponses.webtest.tests.webdriver10.Test10Reattribution 10_test_reattribution
fr.dila.reponses.webtest.tests.webdriver10.Test11Reorientation 11_test_reorientation
fr.dila.reponses.webtest.tests.webdriver10.Test12Arbitrage 12_test_arbitrage
fr.dila.reponses.webtest.tests.webdriver10.Test13ChangementEtat 13_test_changement_etat
fr.dila.reponses.webtest.tests.webdriver10.Test14MiseEnAttente 14_test_mise_en_attente
fr.dila.reponses.webtest.tests.webdriver10.Test15RenvoiValidationPM 15_test_renvoi_premier_ministre
fr.dila.reponses.webtest.tests.webdriver10.Test16FavorisPlanClassement 16_test_favoris_plan_classement
fr.dila.reponses.webtest.tests.webdriver10.Test17Suivi 17_test_suivi
fr.dila.reponses.webtest.tests.webdriver10.Test18Modification 18_test_modification
fr.dila.reponses.webtest.tests.webdriver10.Test19Allotissement 19_test_allotissement
fr.dila.reponses.webtest.tests.webdriver10.Test20Profil 20_test_profil
fr.dila.reponses.webtest.tests.webdriver10.Test21RechercheUtilisateur 21_test_recherche_utilisateur
fr.dila.reponses.webtest.tests.webdriver10.Test22DelegationDroits 22_test_delegation_droits
fr.dila.reponses.webtest.tests.webdriver10.Test23InjectionQuestionReferentiel 23_test_injection_question_prod
fr.dila.reponses.webtest.tests.webdriver10.Test24Webservice 24_test_web_service
fr.dila.reponses.webtest.tests.webdriver10.Test25AccesRestreint 25_test_acces_restreint
